// Jest Snapshot v1, https://goo.gl/fbAQLP

exports[`renders the PathItem component 1`] = `
<div>
  <h2>
    /pet
  </h2>
  <div>
    <h3>
      post
    </h3>
    <p>
      Add a new pet to the store
    </p>
    <p>
      
    </p>
  </div>
  <div>
    <h3>
      put
    </h3>
    <p>
      Update an existing pet
    </p>
    <p>
      
    </p>
  </div>
</div>
`;
